2026-05-23 16:22:00,550 - __main__ - INFO - 
============================================================
2026-05-23 16:22:00,558 - __main__ - INFO - Edge Task Orchestrator Started
2026-05-23 16:22:00,559 - __main__ - INFO - Start Time: 2026-05-23T16:22:00.559330+05:30
2026-05-23 16:22:00,559 - __main__ - INFO - Data Type: air_quality
2026-05-23 16:22:00,560 - __main__ - INFO - Tasks Directory: generated_tasks\air_quality
2026-05-23 16:22:00,560 - __main__ - INFO - Worker Pool Size: 4
2026-05-23 16:22:00,561 - __main__ - INFO - ============================================================

2026-05-23 16:22:00,589 - __main__ - INFO - Discovered 19 tasks in generated_tasks\air_quality
2026-05-23 16:22:00,593 - __main__ - INFO - Queued 19 tasks for execution
2026-05-23 16:22:00,593 - __main__ - INFO - 
============================================================
2026-05-23 16:22:00,593 - __main__ - INFO - Starting concurrent task execution
2026-05-23 16:22:00,594 - __main__ - INFO - Worker pool size: 4
2026-05-23 16:22:00,594 - __main__ - INFO - Max retries per task: 2
2026-05-23 16:22:00,594 - __main__ - INFO - ============================================================

2026-05-23 16:22:23,218 - __main__ - INFO - 
Received signal 2, initiating graceful shutdown...
2026-05-23 16:22:23,219 - __main__ - INFO - Shutdown event received, cancelling pending tasks...
2026-05-23 16:22:23,219 - __main__ - INFO - 
============================================================
2026-05-23 16:22:23,219 - __main__ - INFO - Execution Summary:
2026-05-23 16:22:23,219 - __main__ - INFO -   Completed: 0
2026-05-23 16:22:23,219 - __main__ - INFO -   Failed: 0
2026-05-23 16:22:23,219 - __main__ - INFO -   Total: 0
2026-05-23 16:22:23,219 - __main__ - INFO - ============================================================

2026-05-23 16:22:23,219 - __main__ - INFO - Shutting down task orchestrator...
2026-05-23 16:22:23,242 - __main__ - INFO - Orchestrator shutdown complete
2026-05-23 16:22:23,762 - __main__ - INFO - 
Edge Task Orchestrator Completed
2026-05-23 16:22:23,762 - __main__ - INFO - End Time: 2026-05-23T16:22:23.762707+05:30
2026-05-23 16:22:23,763 - __main__ - INFO - Total Duration: 23.73s
2026-05-23 16:22:23,763 - __main__ - INFO - Log file: logs\edge_execution_llama-3.3-70b-versatile_run_20260523_162200.log
