🚀 Edge Executor started at 2025-11-03 16:50:59
Scanning directory: generated_tasks/air_quality
Found 17 tasks to execute.
============================================================

▶️ Task 1 of 17

🟢 Executing: generated_tasks/air_quality\aqi_band_classification.py
   Start Time: 16:50:59
   ✅ Status: SUCCESS
   Duration: 1.94 sec
   Output:
{
  "task_name": "aqi_band_classification",
  "description": "Map aqi_uk (1\u201310) to UK DAQI bands (Low:1\u20133, Moderate:4\u20136, High:7\u20139, Very High:10) and attach a simple risk label.",
  "result_summary": [
    {
      "name": "latest_aqi_uk",
      "value": 4.0,
      "description": "Latest AQI (UK scale) at 2025-10-29T10:04:44+00:00",
      "tiemstamp": "2025-11-03T11:21:01.180130+00:00"
    },
    {
      "name": "latest_band",
      "value": "Moderate",
      "description": "DAQI band for the latest reading (Low/Moderate/High/Very High)",
      "tiemstamp": "2025-11-03T11:21:01.180130+00:00"
    },
    {
      "name": "latest_risk_label",
      "value": "Some risk for sensitive individuals; consider reducing prolonged outdoor exposure",
      "description": "Simplified health risk guidance for the latest reading",
      "tiemstamp": "2025-11-03T11:21:01.180130+00:00"
    },
    {
      "name": "count_low",
      "value": 0,
      "description": "Number of records classified as Low",
      "tiemstamp": "2025-11-03T11:21:01.180130+00:00"
    },
    {
      "name": "count_moderate",
      "value": 8,
      "description": "Number of records classified as Moderate",
      "tiemstamp": "2025-11-03T11:21:01.180130+00:00"
    },
    {
      "name": "count_high",
      "value": 0,
      "description": "Number of records classified as High",
      "tiemstamp": "2025-11-03T11:21:01.180130+00:00"
    },
    {
      "name": "count_very_high",
      "value": 0,
      "description": "Number of records classified as Very High",
      "tiemstamp": "2025-11-03T11:21:01.180130+00:00"
    },
    {
      "name": "share_moderate_or_worse_percent",
      "value": 100.0,
      "description": "Percentage of readings that are Moderate, High, or Very High",
      "tiemstamp": "2025-11-03T11:21:01.180130+00:00"
    }
  ],
  "result_generated_at": "2025-11-03T11:21:01.180130+00:00"
}
------------------------------------------------------------

▶️ Task 2 of 17

🟢 Executing: generated_tasks/air_quality\aqi_short_term_trend.py
   Start Time: 16:51:06
   ✅ Status: SUCCESS
   Duration: 0.37 sec
   Output:
{
  "task_name": "aqi_short_term_trend",
  "description": "Compute a short-term trend on aqi_uk using a lightweight 3-point slope or last-value vs previous-mean comparison and label as rising/falling/steady.",
  "result_summary": [
    {
      "name": "trend_label",
      "value": "steady",
      "description": "Short-term AQI trend classification over recent samples (rising/falling/steady)",
      "tiemstamp": "2025-11-03T11:21:06.549483+00:00"
    },
    {
      "name": "last_aqi_uk",
      "value": 4.0,
      "description": "Most recent AQI (UK scale)",
      "tiemstamp": "2025-11-03T11:21:06.549483+00:00"
    },
    {
      "name": "prev_mean_aqi_uk",
      "value": 4.0,
      "description": "Mean AQI of previous points used for comparison (if applicable)",
      "tiemstamp": "2025-11-03T11:21:06.549483+00:00"
    },
    {
      "name": "delta_vs_prev_mean",
      "value": 0.0,
      "description": "Difference between last AQI and previous mean (DAQI units)",
      "tiemstamp": "2025-11-03T11:21:06.549483+00:00"
    },
    {
      "name": "slope_per_hour",
      "value": 0.0,
      "description": "Approximate AQI change rate over last 3 points (units/hour) if time data available",
      "tiemstamp": "2025-11-03T11:21:06.549483+00:00"
    },
    {
      "name": "points_used",
      "value": 3,
      "description": "Number of data points considered in the trend calculation",
      "tiemstamp": "2025-11-03T11:21:06.549483+00:00"
    },
    {
      "name": "time_span_minutes",
      "value": 20.02,
      "description": "Time span covered by the data used for the trend window (minutes)",
      "tiemstamp": "2025-11-03T11:21:06.549483+00:00"
    }
  ],
  "result_generated_at": "2025-11-03T11:21:06.549483+00:00"
}
------------------------------------------------------------

▶️ Task 3 of 17

🟢 Executing: generated_tasks/air_quality\coordinate_validity_and_drift.py
   Start Time: 16:51:11
   ✅ Status: SUCCESS
   Duration: 0.04 sec
   Output:
Processed 8 rows. OOB: 0, Drift events: 0. Status: OK
------------------------------------------------------------

▶️ Task 4 of 17

🟢 Executing: generated_tasks/air_quality\diurnal_peak_pollution_hours.py
   Start Time: 16:51:16
   ✅ Status: SUCCESS
   Duration: 0.37 sec
   Output:
{
  "task_name": "diurnal_peak_pollution_hours",
  "description": "Aggregate by hour-of-day over the last 24\u201348 hours and report the peak hour for PM2.5 and O3 (handles sparse data gracefully).",
  "result_summary": [
    {
      "name": "analysis_window",
      "value": "2025-10-27T10:04:44 to 2025-10-29T10:04:44",
      "description": "Time window used for diurnal aggregation.",
      "tiemstamp": "2025-10-29T10:04:44"
    },
    {
      "name": "row_count_in_window",
      "value": 8,
      "description": "Number of records considered in analysis window.",
      "tiemstamp": "2025-10-29T10:04:44"
    },
    {
      "name": "PM2.5_peak_hour_local",
      "value": 10,
      "description": "Hour of day (0-23) with highest average PM2.5 in analysis window.",
      "tiemstamp": "2025-10-29T10:04:44"
    },
    {
      "name": "PM2.5_peak_mean_ugm3",
      "value": 67.1,
      "description": "Average PM2.5 concentration at the peak hour (\u00b5g/m\u00b3).",
      "tiemstamp": "2025-10-29T10:04:44"
    },
    {
      "name": "PM2.5_peak_hour_sample_count",
      "value": 1,
      "description": "Number of samples contributing to the peak hour average.",
      "tiemstamp": "2025-10-29T10:04:44"
    },
    {
      "name": "O3_peak_hour_local",
      "value": 17,
      "description": "Hour of day (0-23) with highest average O3 in analysis window.",
      "tiemstamp": "2025-10-29T10:04:44"
    },
    {
      "name": "O3_peak_mean_ugm3",
      "value": 105.05,
      "description": "Average O3 concentration at the peak hour (\u00b5g/m\u00b3).",
      "tiemstamp": "2025-10-29T10:04:44"
    },
    {
      "name": "O3_peak_hour_sample_count",
      "value": 2,
      "description": "Number of samples contributing to the peak hour average.",
      "tiemstamp": "2025-10-29T10:04:44"
    }
  ],
  "result_generated_at": "2025-11-03T11:21:16.969578"
}
------------------------------------------------------------

▶️ Task 5 of 17

🟢 Executing: generated_tasks/air_quality\dominant_pollutant_exceedance.py
   Start Time: 16:51:22
   ✅ Status: SUCCESS
   Duration: 0.37 sec
   Output:
Saved results to output\air_quality\dominant_pollutant_exceedance_result.json
--- Dominant Pollutant Exceedance Summary ---
Total records: 8
Exceedance count: 8 (100.0%)
Most frequent dominant pollutant: pm2_5 (n=8)
Worst reading: {'timestamp_utc': '2025-10-29T10:04:44', 'pollutant': 'pm2_5', 'ratio': 4.473, 'value_ugm3': 67.1, 'guideline_ugm3': 15.0}
First few per-timestamp classifications:
{'timestamp_utc': '2025-10-28T17:24:12', 'dominant_pollutant': 'pm2_5', 'dominant_ratio': 3.651, 'status': 'exceedance', 'value_ugm3': 54.77, 'guideline_ugm3': 15.0}
{'timestamp_utc': '2025-10-28T17:38:26', 'dominant_pollutant': 'pm2_5', 'dominant_ratio': 3.651, 'status': 'exceedance', 'value_ugm3': 54.77, 'guideline_ugm3': 15.0}
{'timestamp_utc': '2025-10-29T09:14:41', 'dominant_pollutant': 'pm2_5', 'dominant_ratio': 3.757, 'status': 'exceedance', 'value_ugm3': 56.36, 'guideline_ugm3': 15.0}
{'timestamp_utc': '2025-10-29T09:24:42', 'dominant_pollutant': 'pm2_5', 'dominant_ratio': 3.757, 'status': 'exceedance', 'value_ugm3': 56.36, 'guideline_ugm3': 15.0}
{'timestamp_utc': '2025-10-29T09:34:42', 'dominant_pollutant': 'pm2_5', 'dominant_ratio': 3.757, 'status': 'exceedance', 'value_ugm3': 56.36, 'guideline_ugm3': 15.0}
------------------------------------------------------------

▶️ Task 6 of 17

🟢 Executing: generated_tasks/air_quality\duplicate_and_stuck_reading_check.py
   Start Time: 16:51:27
   ✅ Status: SUCCESS
   Duration: 0.37 sec
   Output:
{
  "task_name": "duplicate_and_stuck_reading_check",
  "description": "Detect duplicate rows (identical timestamps/components) and stuck sensors (unchanged readings across N intervals) and report counts and percentages.",
  "result_summary": [
    {
      "name": "total_rows",
      "value": 8,
      "description": "Total number of rows analyzed.",
      "tiemstamp": "2025-11-03T11:21:27.713964"
    },
    {
      "name": "full_row_duplicates_count",
      "value": 0,
      "description": "Rows that are exact duplicates of another row (across all columns).",
      "tiemstamp": "2025-11-03T11:21:27.713964"
    },
    {
      "name": "full_row_duplicates_percent",
      "value": 0.0,
      "description": "Percentage of exact duplicate rows.",
      "tiemstamp": "2025-11-03T11:21:27.713964"
    },
    {
      "name": "timestamp_components_duplicates_count",
      "value": 0,
      "description": "Rows duplicated on timestamp + component set.",
      "tiemstamp": "2025-11-03T11:21:27.713964"
    },
    {
      "name": "timestamp_components_duplicates_percent",
      "value": 0.0,
      "description": "Percentage of rows duplicated on timestamp + components.",
      "tiemstamp": "2025-11-03T11:21:27.713964"
    },
    {
      "name": "timestamp_collisions_count",
      "value": 0,
      "description": "Rows whose timestamp collides with others but component vectors differ (potential concurrency or clock issues).",
      "tiemstamp": "2025-11-03T11:21:27.713964"
    },
    {
      "name": "stuck_runs_count_N3",
      "value": 1,
      "description": "Number of runs with unchanged readings for at least 3 consecutive intervals.",
      "tiemstamp": "2025-11-03T11:21:27.713964"
    },
    {
      "name": "stuck_rows_count_N3",
      "value": 5,
      "description": "Number of rows belonging to stuck runs (length >= 3).",
      "tiemstamp": "2025-11-03T11:21:27.713964"
    },
    {
      "name": "stuck_rows_percent_N3",
      "value": 62.5,
      "description": "Percentage of rows belonging to stuck runs.",
      "tiemstamp": "2025-11-03T11:21:27.713964"
    },
    {
      "name": "longest_stuck_run_length",
      "value": 5,
      "description": "Length of the longest run of unchanged readings.",
      "tiemstamp": "2025-11-03T11:21:27.713964"
    },
    {
      "name": "longest_stuck_run_window",
      "value": "2025-10-29T09:14:41 to 2025-10-29T09:54:43",
      "description": "Time window (start to end) for the longest stuck run.",
      "tiemstamp": "2025-11-03T11:21:27.713964"
    }
  ],
  "result_generated_at": "2025-11-03T11:21:27.713964"
}
------------------------------------------------------------

▶️ Task 7 of 17

🟢 Executing: generated_tasks/air_quality\health_advisory_generator.py
   Start Time: 16:51:32
   ✅ Status: SUCCESS
   Duration: 0.36 sec
   Output:
{
  "task_name": "health_advisory_generator",
  "description": "Generate brief, on-device health advisories for general and sensitive groups based on DAQI band and the identified dominant pollutant.",
  "result_summary": [
    {
      "name": "daq_index_band",
      "value": "Moderate (4)",
      "description": "Latest DAQI band derived from aqi_uk (fallback to PM2.5 severity if missing)",
      "tiemstamp": "2025-10-29T10:04:44"
    },
    {
      "name": "dominant_pollutant",
      "value": "pm2_5: 67.10 ug/m3, severity 4.47x vs guideline 15",
      "description": "Pollutant with highest ratio to guideline (severity)",
      "tiemstamp": "2025-10-29T10:04:44"
    },
    {
      "name": "general_advisory",
      "value": "Air quality is acceptable; reduce prolonged exertion near traffic if you feel symptoms. Dominant pollutant: pm2_5. Tip: Avoid dusty/traffic-heavy roads; use an N95 mask outdoors; keep windows closed.",
      "description": "Brief guidance for the general population based on current air quality band and dominant pollutant",
      "tiemstamp": "2025-10-29T10:04:44"
    },
    {
      "name": "sensitive_groups_advisory",
      "value": "If you have asthma/COPD/heart disease, limit prolonged outdoor exertion and keep medication handy. Dominant pollutant: pm2_5. Tip: Avoid dusty/traffic-heavy roads; use an N95 mask outdoors; keep windows closed.",
      "description": "Brief guidance for sensitive groups (children, elderly, those with respiratory/cardiac conditions)",
      "tiemstamp": "2025-10-29T10:04:44"
    }
  ],
  "result_generated_at": "2025-11-03T11:21:33.075447"
}
------------------------------------------------------------

▶️ Task 8 of 17

🟢 Executing: generated_tasks/air_quality\nox_ozone_photochemical_indicator.py
   Start Time: 16:51:38
   ✅ Status: SUCCESS
   Duration: 0.36 sec
   Output:
{
  "task_name": "nox_ozone_photochemical_indicator",
  "description": "Compute NOx = NO + NO2 and the O3/NOx ratio; classify regime as traffic-dominated (low ratio), mixed, or photochemically aged (high ratio).",
  "result_summary": [
    {
      "name": "latest_o3_nox_ratio_ppb",
      "value": 13.46,
      "description": "Latest O3/NOx ratio computed in ppb-equivalent units.",
      "tiemstamp": "2025-11-03T11:21:38.438608+00:00"
    },
    {
      "name": "latest_regime",
      "value": "mixed",
      "description": "Photochemical regime classification for the latest sample.",
      "tiemstamp": "2025-11-03T11:21:38.438608+00:00"
    },
    {
      "name": "latest_timestamp_utc",
      "value": "2025-10-29T10:04:44+00:00",
      "description": "Timestamp of the latest sample used for classification.",
      "tiemstamp": "2025-11-03T11:21:38.438608+00:00"
    },
    {
      "name": "mean_ratio_ppb",
      "value": 11.85,
      "description": "Mean O3/NOx ratio across valid samples (ppb basis).",
      "tiemstamp": "2025-11-03T11:21:38.438608+00:00"
    },
    {
      "name": "min_ratio_ppb",
      "value": 10.31,
      "description": "Minimum O3/NOx ratio across valid samples (ppb basis).",
      "tiemstamp": "2025-11-03T11:21:38.438608+00:00"
    },
    {
      "name": "max_ratio_ppb",
      "value": 14.9,
      "description": "Maximum O3/NOx ratio across valid samples (ppb basis).",
      "tiemstamp": "2025-11-03T11:21:38.438608+00:00"
    },
    {
      "name": "count_traffic_dominated",
      "value": 0,
      "description": "Number of samples classified as traffic-dominated (ratio < 5).",
      "tiemstamp": "2025-11-03T11:21:38.438608+00:00"
    },
    {
      "name": "count_mixed",
      "value": 8,
      "description": "Number of samples classified as mixed (5 \u2264 ratio \u2264 15).",
      "tiemstamp": "2025-11-03T11:21:38.438608+00:00"
    },
    {
      "name": "count_photochemically_aged",
      "value": 0,
      "description": "Number of samples classified as photochemically aged (ratio > 15).",
      "tiemstamp": "2025-11-03T11:21:38.438608+00:00"
    },
    {
      "name": "n_valid_samples",
      "value": 8,
      "description": "Number of samples with valid O3/NOx ratio used in stats.",
      "tiemstamp": "2025-11-03T11:21:38.438608+00:00"
    }
  ],
  "result_generated_at": "2025-11-03T11:21:38.438608+00:00"
}
------------------------------------------------------------

▶️ Task 9 of 17

🟢 Executing: generated_tasks/air_quality\persistent_elevation_alert.py
   Start Time: 16:51:43
   ✅ Status: SUCCESS
   Duration: 0.38 sec
   Output:
[OK] Wrote results to output/air_quality\persistent_elevation_alert_result.json
pm2_5: 1 persistent episode(s)
pm10: 1 persistent episode(s)
no2: 0 persistent episode(s)
so2: 0 persistent episode(s)
o3: 0 persistent episode(s)
co: 0 persistent episode(s)
Any persistent episode: True
------------------------------------------------------------

▶️ Task 10 of 17

🟢 Executing: generated_tasks/air_quality\pm25_24h_time_weighted_mean.py
   Start Time: 16:51:48
   ✅ Status: SUCCESS
   Duration: 0.38 sec
   Output:
{
  "task_name": "pm25_24h_time_weighted_mean",
  "description": "Compute a 24-hour time-weighted mean of PM2.5 using actual timestamp gaps (handles 10\u201315 min irregularity), require >=60% coverage, and classify against WHO 24h guideline (15 \u00b5g/m3).",
  "result_summary": [
    {
      "name": "coverage_percent",
      "value": 69.48,
      "description": "Percentage of the last 24h window covered by valid data (time-weighted)",
      "tiemstamp": "2025-10-29T10:04:44"
    },
    {
      "name": "pm25_24h_time_weighted_mean_ugm3",
      "value": 54.85,
      "description": "Time-weighted mean PM2.5 over the last 24h window (ug/m3)",
      "tiemstamp": "2025-10-29T10:04:44"
    },
    {
      "name": "coverage_requirement_met",
      "value": true,
      "description": "Whether coverage >= 60% requirement is met",
      "tiemstamp": "2025-10-29T10:04:44"
    },
    {
      "name": "who_24h_guideline_evaluation",
      "value": {
        "who_limit_ugm3": 15.0,
        "compliance": "Exceeds guideline",
        "exceed_percent": 265.66
      },
      "description": "Compliance status of the 24h mean against WHO guideline (15 ug/m3)",
      "tiemstamp": "2025-10-29T10:04:44"
    },
    {
      "name": "sampling_summary",
      "value": {
        "n_samples_in_window": 8,
        "median_interval_min": 10.02,
        "intervals_used_for_weighting": 7
      },
      "description": "Sampling count and typical spacing within the 24h window",
      "tiemstamp": "2025-10-29T10:04:44"
    }
  ],
  "result_generated_at": "2025-11-03T11:21:49.203866"
}
------------------------------------------------------------

▶️ Task 11 of 17

🟢 Executing: generated_tasks/air_quality\pm25_nowcast_concentration.py
   Start Time: 16:51:54
   ✅ Status: SUCCESS
   Duration: 0.35 sec
   Output:
{
  "task_name": "pm25_nowcast_concentration",
  "description": "Estimate near-real-time PM2.5 using the US EPA NowCast (up to last 12 samples): w = max(0.5, 1 - (max-min)/max); compute weighted mean and label low/moderate/high.",
  "result_summary": [
    {
      "name": "nowcast_pm25_ug_m3",
      "value": 58.62,
      "description": "US EPA NowCast PM2.5 concentration using up to last 12 samples.",
      "tiemstamp": "2025-11-03T11:21:54.555243+00:00"
    },
    {
      "name": "nowcast_weight_w",
      "value": 0.8162,
      "description": "Weight factor w = max(0.5, 1 - (max-min)/max) computed over the window.",
      "tiemstamp": "2025-11-03T11:21:54.555243+00:00"
    },
    {
      "name": "window_size_used",
      "value": 8,
      "description": "Number of samples used to compute NowCast (max 12).",
      "tiemstamp": "2025-11-03T11:21:54.555243+00:00"
    },
    {
      "name": "nowcast_category",
      "value": "high",
      "description": "Categorized as low (<=12), moderate (<=35), or high (>35) \u03bcg/m3.",
      "tiemstamp": "2025-11-03T11:21:54.555243+00:00"
    },
    {
      "name": "pm25_min_in_window_ug_m3",
      "value": 54.77,
      "description": "Minimum PM2.5 in the window used for NowCast.",
      "tiemstamp": "2025-11-03T11:21:54.555243+00:00"
    },
    {
      "name": "pm25_max_in_window_ug_m3",
      "value": 67.1,
      "description": "Maximum PM2.5 in the window used for NowCast.",
      "tiemstamp": "2025-11-03T11:21:54.555243+00:00"
    },
    {
      "name": "most_recent_timestamp_utc",
      "value": "2025-10-29T10:04:44+00:00",
      "description": "Timestamp of the most recent sample used.",
      "tiemstamp": "2025-11-03T11:21:54.555243+00:00"
    }
  ],
  "result_generated_at": "2025-11-03T11:21:54.555243+00:00"
}
------------------------------------------------------------

▶️ Task 12 of 17

🟢 Executing: generated_tasks/air_quality\pm_fine_coarse_ratio_indicator.py
   Start Time: 16:51:59
   ✅ Status: SUCCESS
   Duration: 0.38 sec
   Output:
Saved results to output\air_quality\pm_fine_coarse_ratio_indicator_result.json
--- PM2.5/PM10 Ratio Indicator ---
Total: 8, Valid ratios: 8
Average ratio: 0.858, Median ratio: 0.834
Category counts:
  fine/combustion-dominated: 8
  mixed: 0
  coarse-dust-dominated: 0
  unknown: 0
First few per-timestamp classifications:
{'timestamp_utc': '2025-10-28T17:24:12', 'pm2_5': 54.77, 'pm10': 59.38, 'ratio': 0.922, 'classification': 'fine/combustion-dominated'}
{'timestamp_utc': '2025-10-28T17:38:26', 'pm2_5': 54.77, 'pm10': 59.38, 'ratio': 0.922, 'classification': 'fine/combustion-dominated'}
{'timestamp_utc': '2025-10-29T09:14:41', 'pm2_5': 56.36, 'pm10': 67.58, 'ratio': 0.834, 'classification': 'fine/combustion-dominated'}
{'timestamp_utc': '2025-10-29T09:24:42', 'pm2_5': 56.36, 'pm10': 67.58, 'ratio': 0.834, 'classification': 'fine/combustion-dominated'}
{'timestamp_utc': '2025-10-29T09:34:42', 'pm2_5': 56.36, 'pm10': 67.58, 'ratio': 0.834, 'classification': 'fine/combustion-dominated'}
------------------------------------------------------------

▶️ Task 13 of 17

🟢 Executing: generated_tasks/air_quality\pollutant_exceedance_duration_24h.py
   Start Time: 16:52:04
   ✅ Status: SUCCESS
   Duration: 0.36 sec
   Output:
[OK] Wrote results to output/air_quality\pollutant_exceedance_duration_24h_result.json
Exceedance minutes (last 24h): pm2_5:1000.53, pm10:1000.53, no2:0.0, so2:0.0, o3:950.48, co:0.0
Top offender: pm2_5 (1000.53 min)
------------------------------------------------------------

▶️ Task 14 of 17

🟢 Executing: generated_tasks/air_quality\sampling_interval_monitor.py
   Start Time: 16:52:10
   ✅ Status: SUCCESS
   Duration: 0.36 sec
   Output:
[sampling_interval_monitor] Records: 8
Time range: 2025-10-28T17:24:12+00:00 -> 2025-10-29T10:04:44+00:00
Mean interval (min): 142.933
Median interval (min): 10.017
Within 10–15 min (%): 85.71
Gaps outside target: 1
Estimated missing intervals: 73
Uptime (%): 9.88
Largest gap: 936.250 min during 2025-10-28T17:38:26+00:00 -> 2025-10-29T09:14:41+00:00
------------------------------------------------------------

▶️ Task 15 of 17

🟢 Executing: generated_tasks/air_quality\schema_field_mismatch_checker.py
   Start Time: 16:52:15
   ✅ Status: SUCCESS
   Duration: 0.05 sec
   Output:
Missing: 0, Extra: 1, Duplicate CSV headers: 0
------------------------------------------------------------

▶️ Task 16 of 17

🟢 Executing: generated_tasks/air_quality\sudden_spike_alert_pm25.py
   Start Time: 16:52:20
   ✅ Status: SUCCESS
   Duration: 0.35 sec
   Output:
[ERROR] 'numpy.ndarray' object has no attribute 'iloc'
------------------------------------------------------------

▶️ Task 17 of 17

🟢 Executing: generated_tasks/air_quality\ventilation_advice_now.py
   Start Time: 16:52:26
   ✅ Status: SUCCESS
   Duration: 0.06 sec
   Output:
{
  "task_name": "ventilation_advice_now",
  "description": "Recommend whether it’s currently safe to ventilate based on PM2.5 and O3 staying below thresholds for the last M intervals and no recent spike detected.",
  "result_summary": [
    {
      "name": "ventilation_recommended_now",
      "value": "no",
      "description": "Overall recommendation to ventilate now based on thresholds and spike checks.",
      "tiemstamp": "2025-11-03T11:22:26.147022+00:00"
    },
    {
      "name": "pm25_recent_max_ugm3",
      "value": 67.1,
      "description": "Maximum PM2.5 over the last M intervals (ug/m3).",
      "tiemstamp": "2025-11-03T11:22:26.147022+00:00"
    },
    {
      "name": "o3_recent_max_ugm3",
      "value": 87.47,
      "description": "Maximum O3 over the last M intervals (ug/m3).",
      "tiemstamp": "2025-11-03T11:22:26.147022+00:00"
    },
    {
      "name": "recent_spike_detected",
      "value": true,
      "description": "Whether a recent pollutant spike was detected between the last two readings.",
      "tiemstamp": "2025-11-03T11:22:26.147022+00:00"
    },
    {
      "name": "intervals_checked",
      "value": 3,
      "description": "Number of recent intervals considered (M).",
      "tiemstamp": "2025-11-03T11:22:26.147022+00:00"
    },
    {
      "name": "latest_reading_time_utc",
      "value": "2025-10-29 10:04:44",
      "description": "Timestamp of the latest sensor reading (UTC).",
      "tiemstamp": "2025-11-03T11:22:26.147022+00:00"
    },
    {
      "name": "latest_coords",
      "value": {
        "lat": 28.0,
        "lon": 77.0
      },
      "description": "Latitude and longitude of the latest reading.",
      "tiemstamp": "2025-11-03T11:22:26.147022+00:00"
    },
    {
      "name": "reasons",
      "value": "PM2.5 recent max 67.10 ug/m3 exceeds threshold 35.00. PM2.5 spike: +10.74 ug/m3 (19.1%)",
      "description": "Human-readable explanation supporting the recommendation.",
      "tiemstamp": "2025-11-03T11:22:26.147022+00:00"
    }
  ],
  "result_generated_at": "2025-11-03T11:22:26.147022+00:00"
}
Saved result to: output\air_quality\ventilation_advice_now_result.json
------------------------------------------------------------

✅ All tasks executed. Check the log file for details.
Log file saved at: logs\edge_execution_20251103_165059.log
