🚀 Edge Executor started at 2025-10-29 10:49:17
Scanning directory: generated_tasks/air_quality
Found 9 tasks to execute.
============================================================

▶️ Task 1 of 9

🟢 Executing: generated_tasks/air_quality\aqi_band_classification.py
   Start Time: 10:49:17
   ✅ Status: SUCCESS
   Duration: 1.87 sec
   Output:
AQI Band Classification Summary:
- total_records: 8
- count_low: 0
- count_moderate: 8
- count_high: 0
- count_very_high: 0
- count_unknown: 0
- percent_low: 0.0
- percent_moderate: 100.0
- percent_high: 0.0
- percent_very_high: 0.0
- worst_observed_band: Moderate
- last_observation_band: Moderate
- last_observation_aqi_uk: 4.0
- time_range_utc: {'start_utc': '2025-10-28T17:24:12+00:00', 'end_utc': '2025-10-29T10:04:44+00:00'}
------------------------------------------------------------

▶️ Task 2 of 9

🟢 Executing: generated_tasks/air_quality\aqi_short_term_trend.py
   Start Time: 10:49:24
   ✅ Status: SUCCESS
   Duration: 0.35 sec
   Output:
AQI Short-Term Trend Summary:
- short_term_trend_label: steady
- last_value: 4.0
- previous_mean: 4.0
- delta: 0.0
- percent_change: 0.0
- window_span_minutes: 20.02
- slope_per_hour: 0.0
- rolling_rising_windows: 0
- rolling_falling_windows: 0
- rolling_steady_windows: 6
------------------------------------------------------------

▶️ Task 3 of 9

🟢 Executing: generated_tasks/air_quality\diurnal_peak_pollution_hours.py
   Start Time: 10:49:29
   ✅ Status: SUCCESS
   Duration: 0.35 sec
   Output:
{
  "task_name": "diurnal_peak_pollution_hours",
  "description": "Aggregate by hour-of-day over the last 24–48 hours and report the peak hour for PM2.5 and O3 (handles sparse data gracefully).",
  "result_summary": [
    {
      "name": "data_window",
      "value": {
        "window_used": "24h",
        "row_count_in_window": 8,
        "first_timestamp": "2025-10-28T17:24:12",
        "last_timestamp": "2025-10-29T10:04:44"
      },
      "description": "Time window used for diurnal aggregation and basic coverage.",
      "tiemstamp": "2025-10-29T05:19:30.105413+00:00"
    },
    {
      "name": "peak_hour_pm2_5",
      "value": {
        "hour": 10,
        "median_value": 67.1,
        "n_samples_at_peak_hour": 1,
        "unique_hours_observed": 3,
        "total_samples_in_window": 8
      },
      "description": "Hour-of-day with highest median PM2.5 over the selected window.",
      "tiemstamp": "2025-10-29T05:19:30.109413+00:00"
    },
    {
      "name": "peak_hour_o3",
      "value": {
        "hour": 17,
        "median_value": 105.05,
        "n_samples_at_peak_hour": 2,
        "unique_hours_observed": 3,
        "total_samples_in_window": 8
      },
      "description": "Hour-of-day with highest median O3 over the selected window.",
      "tiemstamp": "2025-10-29T05:19:30.111413+00:00"
    }
  ],
  "result_generated_at": "2025-10-29T05:19:30.100413+00:00"
}
------------------------------------------------------------

▶️ Task 4 of 9

🟢 Executing: generated_tasks/air_quality\dominant_pollutant_exceedance.py
   Start Time: 10:49:35
   ✅ Status: SUCCESS
   Duration: 0.36 sec
   Output:
Saved results to output/air_quality\dominant_pollutant_exceedance_result.json
Total records: 8; Exceedances: 8; Within guideline: 0
------------------------------------------------------------

▶️ Task 5 of 9

🟢 Executing: generated_tasks/air_quality\duplicate_and_stuck_reading_check.py
   Start Time: 10:49:40
   ✅ Status: SUCCESS
   Duration: 0.35 sec
   Output:
{
  "task_name": "duplicate_and_stuck_reading_check",
  "description": "Detect duplicate rows (identical timestamps/components) and stuck sensors (unchanged readings across N intervals) and report counts and percentages.",
  "result_summary": [
    {
      "name": "error",
      "value": "'charmap' codec can't encode character '\\u2265' in position 1186: character maps to <undefined>",
      "description": "Task execution failed.",
      "tiemstamp": "2025-10-29T05:19:40.824570+00:00"
    }
  ],
  "result_generated_at": "2025-10-29T05:19:40.824570+00:00"
}
------------------------------------------------------------

▶️ Task 6 of 9

🟢 Executing: generated_tasks/air_quality\health_advisory_generator.py
   Start Time: 10:49:45
   ✅ Status: SUCCESS
   Duration: 0.05 sec
   Output:
{
  "task_name": "health_advisory_generator",
  "description": "Generate brief, on-device health advisories for general and sensitive groups based on DAQI band and the identified dominant pollutant.",
  "result_summary": [
    {
      "name": "latest_daqi_band",
      "value": "Moderate (4)",
      "description": "Latest UK DAQI band derived from aqi_uk value.",
      "tiemstamp": "2025-10-29T10:04:44+00:00"
    },
    {
      "name": "dominant_pollutant",
      "value": "PM2.5 (67.10 ug/m3)",
      "description": "Dominant by relative intensity vs heuristic reference (x4.47).",
      "tiemstamp": "2025-10-29T10:04:44+00:00"
    },
    {
      "name": "general_public_advisory",
      "value": "Moderate",
      "description": "Dominant pollutant: PM2.5. Air quality is acceptable. If you experience symptoms (e.g., cough, eye irritation), reduce prolonged or heavy outdoor exertion.",
      "tiemstamp": "2025-10-29T10:04:44+00:00"
    },
    {
      "name": "sensitive_groups_advisory",
      "value": "Moderate",
      "description": "Dominant pollutant: PM2.5. Consider shorter or less intense outdoor activities; avoid busy roads; use a well-fitted mask if symptoms occur.",
      "tiemstamp": "2025-10-29T10:04:44+00:00"
    },
    {
      "name": "aqi_trend_since_prev",
      "value": "no change",
      "description": "Change in aqi_uk compared to previous reading.",
      "tiemstamp": "2025-10-29T10:04:44+00:00"
    }
  ],
  "result_generated_at": "2025-10-29T05:19:45.908532+00:00"
}
------------------------------------------------------------

▶️ Task 7 of 9

🟢 Executing: generated_tasks/air_quality\pm_fine_coarse_ratio_indicator.py
   Start Time: 10:49:50
   ✅ Status: SUCCESS
   Duration: 0.35 sec
   Output:
Saved results to output/air_quality\pm_fine_coarse_ratio_indicator_result.json
Counts by class: fine/combustion=8
------------------------------------------------------------

▶️ Task 8 of 9

🟢 Executing: generated_tasks/air_quality\sampling_interval_monitor.py
   Start Time: 10:49:56
   ✅ Status: SUCCESS
   Duration: 0.36 sec
   Output:
sampling_interval_monitor results:
- total_readings: 8
- median_gap_min: 10.017
- on_time/early/late: 6/0/1
- estimated_missing_samples: 73
- uptime_pct_gap_based: 9.88%
- uptime_pct_span_based: 9.88%
Saved to output/air_quality\sampling_interval_monitor_result.json
------------------------------------------------------------

▶️ Task 9 of 9

🟢 Executing: generated_tasks/air_quality\sudden_spike_alert_pm25.py
   Start Time: 10:50:01
   ✅ Status: SUCCESS
   Duration: 0.38 sec
   Output:
sudden_spike_alert_pm25 results:
- spike_count: 1
- max_abs_increase_ugm3: 10.74
- max_rel_increase_pct: 19.06
- first_spike_at: 2025-10-29T10:04:44+00:00
- last_spike_at: 2025-10-29T10:04:44+00:00
- spike_events_preview: [{"t": "2025-10-29T10:04:44+00:00", "prev": 56.36, "curr": 67.1, "abs_inc": 10.74, "rel_inc_pct": 19.06}]
Saved to output/air_quality\sudden_spike_alert_pm25_result.json
------------------------------------------------------------

✅ All tasks executed. Check the log file for details.
Log file saved at: logs\edge_execution_20251029_104917.log
